// Jest Snapshot v1, https://goo.gl/fbAQLP

exports[`should match snapshot 1`] = `
<Button
  active={false}
  block={false}
  bsClass="btn"
  bsStyle="default"
  disabled={false}
  style={
    Object {
      "margin": 5,
    }
  }
>
  ...
</Button>
`;
