// Jest Snapshot v1, https://goo.gl/fbAQLP

exports[`should match snapshot 1`] = `
<button
  className="btn btn-danger"
  onClick={[Function]}
>
  <span
    style={
      Object {
        "marginRight": 5,
      }
    }
  >
    <FaPowerOff />
  </span>
  Cerrar sesi√≥n
</button>
`;
