// Jest Snapshot v1, https://goo.gl/fbAQLP

exports[`Test should match snapshot 1`] = `
<div>
  Hello world!
</div>
`;
